[2026-06-27 18:40:18] server log started
[2026-06-27 18:40:18] match saved: server startup, players=0
[2026-06-27 18:40:45] player 0 joined
[2026-06-27 18:41:03] player 0 left
[2026-06-27 18:41:37] player 0 joined
[2026-06-27 18:41:46] player 1 joined
[2026-06-27 18:42:01] player 1 killed player 0
[2026-06-27 18:42:04] player 1 killed player 0
[2026-06-27 18:42:07] player 1 killed player 0
[2026-06-27 18:42:09] player 1 killed player 0
[2026-06-27 18:42:12] player 1 killed player 0
[2026-06-27 18:42:15] player 1 killed player 0
[2026-06-27 18:42:17] player 1 killed player 0
[2026-06-27 18:42:20] player 1 killed player 0
[2026-06-27 18:42:23] player 1 killed player 0
[2026-06-27 18:42:30] player 1 killed player 0
[2026-06-27 18:42:33] player 1 killed player 0
[2026-06-27 18:42:36] player 1 killed player 0
[2026-06-27 18:42:39] player 1 killed player 0
[2026-06-27 18:42:43] player 1 killed player 0
[2026-06-27 18:42:45] player 1 killed player 0
[2026-06-27 18:42:48] player 1 killed player 0
[2026-06-27 18:42:55] player 1 left
[2026-06-27 18:42:57] player 0 left
[2026-06-27 18:43:03] server log closed
[2026-06-27 18:57:36] server log started
[2026-06-27 18:57:36] match saved: server startup, players=0
[2026-06-27 18:57:41] player 0 joined
[2026-06-27 18:57:43] player 1 joined
[2026-06-27 18:57:59] player 1 killed player 0
[2026-06-27 18:58:02] player 1 killed player 0
[2026-06-27 18:58:05] player 1 killed player 0
[2026-06-27 18:58:08] player 1 killed player 0
[2026-06-27 18:58:12] player 0 killed player 1
[2026-06-27 18:58:15] player 0 killed player 1
[2026-06-27 18:58:18] player 0 killed player 1
[2026-06-27 18:58:21] player 0 killed player 1
[2026-06-27 18:58:24] player 0 killed player 1
[2026-06-27 18:58:27] player 0 left
[2026-06-27 18:58:28] player 1 left
[2026-06-27 18:58:31] server log closed
